// Vitest Snapshot v1, https://vitest.dev/guide/snapshot.html

exports[`FileTable > renders correctly with given files 1`] = `
.c4 {
  width: 100%;
  border-collapse: collapse;
}

.c6 {
  padding: 8px;
  border: 1px solid #f1efef;
  border-left: none;
  border-right: none;
  font-size: 1rem;
  font-weight: 500;
  text-align: left;
}

.c5 {
  background: white;
  border: 1px solid #f1efef;
}

.c5:hover {
  background: #f1f1f1;
}

.c7 {
  padding: 8px;
  padding-right: 32px;
  font-size: 0.875rem;
}

.c8 {
  padding: 8px;
  text-align: end;
  font-size: 0.875rem;
}

.c3 {
  padding: 0 8px;
  font-size: 0.875rem;
}

.c2 {
  border: 0;
  background: none;
  box-shadow: none;
  border-radius: 0px;
  font-size: 1rem;
  cursor: pointer;
}

.c2:active {
  color: dodgerblue;
}

.c2:disabled {
  pointer-events: none;
  opacity: 0.6;
}

.c0 {
  padding: 16px;
  border: 1px solid #f1efef;
  border-bottom: none;
  font-size: 1rem;
  display: -webkit-box;
  display: -webkit-flex;
  display: -ms-flexbox;
  display: flex;
}

.c1 {
  width: 8rem;
  margin: 0 1rem;
}

.c9 {
  color: red;
  text-transform: capitalize;
}

.c10 {
  color: green;
  text-transform: capitalize;
}

<div>
  <div
    class="c0"
  >
    <input
      aria-label="Select all available files"
      style="margin-left: -4px;"
      type="checkbox"
    />
    <div
      class="c1"
    >
      None Selected
    </div>
    <div>
      <button
        aria-label="Download Selected files"
        class="c2"
        disabled=""
      >
        <span
          class="c3"
        >
          <svg
            fill="currentColor"
            height="1em"
            stroke="currentColor"
            stroke-width="0"
            viewBox="0 0 512 512"
            width="1em"
            xmlns="http://www.w3.org/2000/svg"
          >
            <path
              d="M216 0h80c13.3 0 24 10.7 24 24v168h87.7c17.8 0 26.7 21.5 14.1 34.1L269.7 378.3c-7.5 7.5-19.8 7.5-27.3 0L90.1 226.1c-12.6-12.6-3.7-34.1 14.1-34.1H192V24c0-13.3 10.7-24 24-24zm296 376v112c0 13.3-10.7 24-24 24H24c-13.3 0-24-10.7-24-24V376c0-13.3 10.7-24 24-24h146.7l49 49c20.1 20.1 52.5 20.1 72.6 0l49-49H488c13.3 0 24 10.7 24 24zm-124 88c0-11-9-20-20-20s-20 9-20 20 9 20 20 20 20-9 20-20zm64 0c0-11-9-20-20-20s-20 9-20 20 9 20 20 20 20-9 20-20z"
            />
          </svg>
        </span>
        Download Selected
      </button>
    </div>
  </div>
  <table
    class="c4"
  >
    <thead>
      <tr
        class="c5"
      >
        <th
          class="c6"
        />
        <th
          class="c6"
        >
          Name
        </th>
        <th
          class="c6"
        >
          Device
        </th>
        <th
          class="c6"
        >
          Path
        </th>
        <th
          class="c6"
        />
        <th
          class="c6"
        >
          Status
        </th>
      </tr>
    </thead>
    <tbody>
      <tr
        class="c5"
      >
        <td
          class="c7"
        >
          <input
            aria-label="Select smss.exe"
            disabled=""
            role="checkbox"
            type="checkbox"
          />
        </td>
        <td
          class="c7"
        >
          smss.exe
        </td>
        <td
          class="c7"
        >
          Mario
        </td>
        <td
          class="c7"
        >
          \\Device\\HarddiskVolume2\\Windows\\System32\\smss.exe
        </td>
        <td
          class="c8"
        />
        <td
          class="c7"
        >
          <span
            class="c9"
          >
            scheduled
          </span>
        </td>
      </tr>
      <tr
        class="c5"
      >
        <td
          class="c7"
        >
          <input
            aria-label="Select netsh.exe"
            role="checkbox"
            type="checkbox"
          />
        </td>
        <td
          class="c7"
        >
          netsh.exe
        </td>
        <td
          class="c7"
        >
          Luigi
        </td>
        <td
          class="c7"
        >
          \\Device\\HarddiskVolume2\\Windows\\System32\\netsh.exe
        </td>
        <td
          class="c8"
        >
          <svg
            color="green"
            fill="currentColor"
            height="1em"
            stroke="currentColor"
            stroke-width="0"
            style="color: green;"
            viewBox="0 0 512 512"
            width="1em"
            xmlns="http://www.w3.org/2000/svg"
          >
            <path
              d="M256 8C119 8 8 119 8 256s111 248 248 248 248-111 248-248S393 8 256 8z"
            />
          </svg>
        </td>
        <td
          class="c7"
        >
          <span
            class="c10"
          >
            available
          </span>
        </td>
      </tr>
      <tr
        class="c5"
      >
        <td
          class="c7"
        >
          <input
            aria-label="Select uxtheme.dll"
            role="checkbox"
            type="checkbox"
          />
        </td>
        <td
          class="c7"
        >
          uxtheme.dll
        </td>
        <td
          class="c7"
        >
          Peach
        </td>
        <td
          class="c7"
        >
          \\Device\\HarddiskVolume1\\Windows\\System32\\uxtheme.dll
        </td>
        <td
          class="c8"
        >
          <svg
            color="green"
            fill="currentColor"
            height="1em"
            stroke="currentColor"
            stroke-width="0"
            style="color: green;"
            viewBox="0 0 512 512"
            width="1em"
            xmlns="http://www.w3.org/2000/svg"
          >
            <path
              d="M256 8C119 8 8 119 8 256s111 248 248 248 248-111 248-248S393 8 256 8z"
            />
          </svg>
        </td>
        <td
          class="c7"
        >
          <span
            class="c10"
          >
            available
          </span>
        </td>
      </tr>
    </tbody>
  </table>
</div>
`;
