// Vitest Snapshot v1, https://vitest.dev/guide/snapshot.html

exports[`IconContainer > renders correctly with default styles 1`] = `
.c0 {
  padding: 0 8px;
  font-size: 0.875rem;
}

<span
  class="c0"
/>
`;
